<!DOCTYPE html>
<html>
  <head>
    <meta charset="utf-8">
    <meta name="viewport" content="width=device-width">
    <title>Project homepage</title>
    <link rel="stylesheet" href="//netdna.bootstrapcdn.com/bootstrap/3.0.0/css/bootstrap.min.css">
  </head>
  <body>
    <div class="container">
      <h1>Project homepage</h1>
            <ul class="list-group">
              <li class="list-group-item">
                <h2><a href="test/fixtures/generate_page_option/modules/another_test_link/index.html">Another test link</a></h2>
              </li>
              <li class="list-group-item">
                <h2>Test link</h2>
                      <ul class="list-group">
                        <li class="list-group-item">
                          <h2><a href="test/fixtures/generate_page_option/modules/test_link/nested_test_link/index.html">Nested test link</a></h2>
                        </li>
                      </ul>
              </li>
            </ul>
    </div>
  </body>
</html>