
<ul class="list-group">
  <li class="list-group-item">
    <h2><a href="test/fixtures/basic/modules/another_test_link/index.html">Another test link</a></h2>
  </li>
  <li class="list-group-item">
    <h2><a href="test/fixtures/basic/modules/test_link/index.html">Test link</a></h2>
  </li>
</ul>