
<ul class="list-group">
  <li class="list-group-item">
    <h2><a href="test/fixtures/module_directory_option/components/another_test_link/index.html">Another test link</a></h2>
  </li>
  <li class="list-group-item">
    <h2>Test link</h2>
    <ul class="list-group">
      <li class="list-group-item">
        <h2><a href="test/fixtures/module_directory_option/components/test_link/nested_test_link/index.html">Nested test link</a></h2>
      </li>
    </ul>
  </li>
</ul>